// Jest Snapshot v1, https://goo.gl/fbAQLP

exports[`With Snapshot Testing App shows "About" 1`] = `
<div>
  <header>
    <nav>
      <a
        href="/"
        onClick={[Function]}
      >
        Home
      </a>
      |
      <a
        href="/about"
        onClick={[Function]}
      >
        About
      </a>
    </nav>
  </header>
  <div>
    <p>
      About
    </p>
     
  </div>
  <footer>
    I\`m here to stay
  </footer>
</div>
`;
