// Jest Snapshot v1, https://goo.gl/fbAQLP

exports[`With Snapshot Testing App shows "Welcome to next.js with Eslint, Jest and Flow!" 1`] = `
<div>
   
  <p>
    Welcome to next.js with Eslint, Jest and Flow!
  </p>
   
</div>
`;
